# Usage Guide

> **Version 0.2.0 â€“ 2025â€‘06â€‘06**  
> å®Œå…¨ãªåˆ†é›¢ã‚¢ãƒ¼ã‚­ãƒ†ã‚¯ãƒãƒ£ + Pydantic Settings ãƒ™ãƒ¼ã‚¹æ§‹æˆã«åˆ·æ–°ã—ã¾ã—ãŸã€‚

---

## ğŸš€ ã‚¯ã‚¤ãƒƒã‚¯ã‚¹ã‚¿ãƒ¼ãƒˆ

### 1. Prerequisites

* Docker 20.10+ / dockerâ€‘compose plugin
* GPU ä¸è¦ï¼ˆCPU ã§å‹•ä½œï¼‰
* OpenAI API ã‚­ãƒ¼
* 8GB+ RAM æ¨å¥¨

```bash
# Dockerç¢ºèª
$ docker compose version
Docker Compose version v2.29.0

# åˆ©ç”¨å¯èƒ½ãƒ¡ãƒ¢ãƒªç¢ºèª
$ docker system info | grep "Total Memory"
Total Memory: 15.61GiB
```

---

### 2. Clone & Configure

```bash
git clone https://github.com/Y-Kato/GAAI00.git
cd GAAI00

# env template â†’ personal settings
cp .env.example .env
vi .env  # â† PROJECT_PATH, OPENAI_API_KEY ãªã©ç·¨é›†
```

**å¿…é ˆè¨­å®šé …ç›®**:
```dotenv
# ã‚ãªãŸã®è§£æå¯¾è±¡ãƒ—ãƒ­ã‚¸ã‚§ã‚¯ãƒˆãƒ‘ã‚¹ï¼ˆçµ¶å¯¾ãƒ‘ã‚¹ï¼‰
PROJECT_PATH=/home/user/your-target-project

# OpenAI API ã‚­ãƒ¼
OPENAI_API_KEY=sk-your-actual-api-key-here

# UIé¸æŠï¼ˆstreamlit ã¾ãŸã¯ gradioï¼‰
UI_MODE=streamlit
```

**ã‚ªãƒ—ã‚·ãƒ§ãƒ³è¨­å®šé …ç›®**:
```dotenv
# Chromaã‚³ãƒ¬ã‚¯ã‚·ãƒ§ãƒ³åï¼ˆãƒ—ãƒ­ã‚¸ã‚§ã‚¯ãƒˆåˆ¥ã«å¤‰æ›´æ¨å¥¨ï¼‰
CHROMA_COLLECTION=your-project-name

# ãƒãƒ¼ãƒˆç•ªå·ï¼ˆä»–ã‚µãƒ¼ãƒ“ã‚¹ã¨ç«¶åˆã™ã‚‹å ´åˆï¼‰
PORT_STREAMLIT=8501
PORT_GRADIO=7860
```

---

### 3. Build & Run

```bash
# åˆå›ã®ã¿: --build ä»˜ãã§
$ docker compose up --build

# æˆåŠŸæ™‚ã®å‡ºåŠ›ä¾‹
âœ… Container chroma       Started
âœ… Container llc-app      Started

# ãƒ­ã‚°ç¢ºèª
$ docker compose logs app
[CONFIG] CHROMA_URL: http://chroma:8000
[CONFIG] PROJECT_DIR: /workspace/project
[app_context] ğŸš€ Building initial full index...
[app_context] âœ… Initial index built successfully
[app_context] ğŸ‰ Global context initialized successfully
```

**ã‚¢ã‚¯ã‚»ã‚¹ URL**:

| UI        | URL                                                                        | èª¬æ˜             |
| --------- | -------------------------------------------------------------------------- | ---------------- |
| Streamlit | [http://localhost:8501](http://localhost:8501)                            | ãƒ‡ãƒ•ã‚©ãƒ«ãƒˆUI     |
| Gradio    | [http://localhost:7860](http://localhost:7860)                            | ä»£æ›¿UI          |

> UI ã¯ `.env` ã® `UI_MODE=streamlit` / `gradio` ã§åˆ‡æ›¿ãˆã€‚

---

## ğŸ”„ é‹ç”¨ãƒ•ãƒ­ãƒ¼

### åˆå›ã‚¤ãƒ³ãƒ‡ãƒƒã‚¯ã‚¹æ§‹ç¯‰

åˆå›èµ·å‹•æ™‚ã€ä»¥ä¸‹ã®å‡¦ç†ãŒè‡ªå‹•å®Ÿè¡Œã•ã‚Œã¾ã™ï¼š

1. **ãƒ—ãƒ­ã‚¸ã‚§ã‚¯ãƒˆã‚¹ã‚­ãƒ£ãƒ³**: `PROJECT_PATH` ç›´ä¸‹ã®å…¨ãƒ•ã‚¡ã‚¤ãƒ«ã‚’è§£æ
2. **ãƒ™ã‚¯ãƒˆãƒ«åŒ–**: LlamaIndex ãŒãƒ†ã‚­ã‚¹ãƒˆã‚’åˆ†å‰²ã—ã¦embeddingåŒ–
3. **Chromaä¿å­˜**: ãƒ™ã‚¯ãƒˆãƒ«ãƒ‡ãƒ¼ã‚¿ã‚’æ°¸ç¶šã‚¹ãƒˆã‚¢ã«æ ¼ç´
4. **Gitå±¥æ­´å–å¾—**: ã‚³ãƒŸãƒƒãƒˆå±¥æ­´ã‚’ãƒ¡ã‚¿ãƒ‡ãƒ¼ã‚¿ã¨ã—ã¦ä»˜ä¸

```bash
# é€²è¡ŒçŠ¶æ³ç¢ºèª
$ docker compose logs app | grep INDEXER
[INDEXER] ğŸŸ¡ build_full_index START
[INDEXER] ğŸ“ PROJECT_DIR = /workspace/project
[INDEXER] âœ… Loaded 347 documents.
[INDEXER] ğŸ“¦ Index persisted.
```

### ã‚¤ãƒ³ã‚¯ãƒªãƒ¡ãƒ³ã‚¿ãƒ«æ›´æ–°

**è‡ªå‹•æ›´æ–°**: `watcher.py` ãŒ inotify ã§ãƒ•ã‚¡ã‚¤ãƒ«å¤‰æ›´ã‚’æ¤œå‡ºã—ã€å·®åˆ†ã®ã¿ã‚’å†ã‚¤ãƒ³ãƒ‡ãƒƒã‚¯ã‚¹ã€‚

**æ‰‹å‹•æ›´æ–°**:
```bash
# å…¨ä½“å†æ§‹ç¯‰
$ docker compose exec app python -c "
from indexer import build_full_index
build_full_index()
"

# å¢—åˆ†æ›´æ–°ã®ã¿
$ docker compose exec app python -c "
from indexer import incremental_update
incremental_update()
"
```

### UIåˆ‡ã‚Šæ›¿ãˆ

```bash
# Streamlit â†’ Gradio
$ sed -i 's/UI_MODE=streamlit/UI_MODE=gradio/' .env
$ docker compose restart app

# å†èµ·å‹•å¾Œã€http://localhost:7860 ã§ã‚¢ã‚¯ã‚»ã‚¹å¯èƒ½
```

---

## ğŸ’¬ ãƒãƒ£ãƒƒãƒˆæ“ä½œæ–¹æ³•

### åŸºæœ¬çš„ãªä½¿ã„æ–¹

1. **ã‚³ãƒ¼ãƒ‰è²¼ã‚Šä»˜ã‘**: æ”¹å–„ã—ãŸã„ã‚³ãƒ¼ãƒ‰ã‚¹ãƒ‹ãƒšãƒƒãƒˆã‚’å…¥åŠ›æ¬„ã«è²¼ã‚Šä»˜ã‘
2. **è³ªå•å…¥åŠ›**: ã€Œã“ã®ã‚³ãƒ¼ãƒ‰ã‚’ãƒªãƒ•ã‚¡ã‚¯ã‚¿ã—ã¦ã€ã€Œãƒ‘ãƒ•ã‚©ãƒ¼ãƒãƒ³ã‚¹ã‚’æ”¹å–„ã—ã¦ã€ç­‰
3. **å›ç­”ç¢ºèª**: AIãŒGitå±¥æ­´ã‚‚è€ƒæ…®ã—ãŸå…·ä½“çš„ãªæ”¹å–„ææ¡ˆã‚’è¿”ç­”

### åŠ¹æœçš„ãªãƒ—ãƒ­ãƒ³ãƒ—ãƒˆä¾‹

```text
âœ… è‰¯ã„ä¾‹:
ã€Œã“ã®Pythoné–¢æ•°ã®å¯èª­æ€§ã‚’å‘ä¸Šã•ã›ã¦ã€ã‚¨ãƒ©ãƒ¼ãƒãƒ³ãƒ‰ãƒªãƒ³ã‚°ã‚‚è¿½åŠ ã—ã¦ãã ã•ã„ã€

âŒ æ‚ªã„ä¾‹:
ã€Œè‰¯ãã—ã¦ã€ã€Œä¿®æ­£ã—ã¦ã€
```

### ã‚µãƒãƒ¼ãƒˆã•ã‚Œã‚‹è¨€èª

- Python, JavaScript, TypeScript
- Java, C++, C#, Go, Rust
- HTML, CSS, SQL
- Markdown, YAML, JSON
- ãã®ä»–ãƒ†ã‚­ã‚¹ãƒˆãƒ™ãƒ¼ã‚¹ã®ãƒ•ã‚¡ã‚¤ãƒ«

---

## ğŸ› ï¸ ãƒˆãƒ©ãƒ–ãƒ«ã‚·ãƒ¥ãƒ¼ãƒ†ã‚£ãƒ³ã‚°

### ã‚ˆãã‚ã‚‹å•é¡Œã¨è§£æ±ºæ³•

| ç—‡çŠ¶ | åŸå›  | å¯¾ç­– |
|------|------|------|
| `ModuleNotFoundError: llama_index.embeddings.openai` | ä¾å­˜ãƒ‘ãƒƒã‚±ãƒ¼ã‚¸ã®æ›´æ–°ãŒå¿…è¦ | `docker compose build --no-cache` |
| UI ãŒ `404 Not Found` | `UI_MODE` ã¨ URL ãŒä¸ä¸€è‡´ | `.env` ã® `UI_MODE` ã‚’ç¢ºèª |
| ã‚¤ãƒ³ãƒ‡ãƒƒã‚¯ã‚¹ãŒæ›´æ–°ã•ã‚Œãªã„ | `watcher.py` ãŒã‚¯ãƒ©ãƒƒã‚·ãƒ¥ | `docker compose logs app` ã§ã‚¨ãƒ©ãƒ¼ç¢ºèª |
| `OPENAI_API_KEY` ã‚¨ãƒ©ãƒ¼ | API ã‚­ãƒ¼ãŒç„¡åŠ¹ã¾ãŸã¯æœªè¨­å®š | `.env` ã®ã‚­ãƒ¼è¨­å®šã‚’ç¢ºèª |
| Chromaæ¥ç¶šã‚¨ãƒ©ãƒ¼ | ã‚³ãƒ³ãƒ†ãƒŠé–“é€šä¿¡ã®å•é¡Œ | `docker compose down && docker compose up` |

### è©³ç´°ãƒ­ã‚°ç¢ºèª

```bash
# ã‚¢ãƒ—ãƒªã‚±ãƒ¼ã‚·ãƒ§ãƒ³ãƒ­ã‚°
$ docker compose logs app -f

# Chromaãƒ­ã‚°
$ docker compose logs chroma -f

# å…¨ä½“ãƒ­ã‚°
$ docker compose logs -f
```

### ãƒªã‚»ãƒƒãƒˆæ‰‹é †

```bash
# ãƒ‡ãƒ¼ã‚¿å®Œå…¨å‰Šé™¤ + å†æ§‹ç¯‰
$ docker compose down -v
$ docker volume rm gaai00_chroma_data
$ docker compose up --build
```

---

## âš™ï¸ é«˜åº¦ãªè¨­å®š

### ã‚«ã‚¹ã‚¿ãƒ  Embedding ãƒ—ãƒ­ãƒã‚¤ãƒ€ãƒ¼

ç¾åœ¨ã¯ OpenAI ã®ã¿ã‚µãƒãƒ¼ãƒˆã—ã¦ã„ã¾ã™ãŒã€å°†æ¥çš„ã«ã¯ä»¥ä¸‹ã‚’äºˆå®šï¼š

```dotenv
# å°†æ¥ã‚µãƒãƒ¼ãƒˆäºˆå®š
EMBEDDING_PROVIDER=huggingface
EMBEDDING_MODEL=sentence-transformers/all-MiniLM-L6-v2

EMBEDDING_PROVIDER=azure
AZURE_OPENAI_ENDPOINT=https://your-resource.openai.azure.com/
```

### æ¤œç´¢ãƒ‘ãƒ©ãƒ¡ãƒ¼ã‚¿ã®ãƒãƒ¥ãƒ¼ãƒ‹ãƒ³ã‚°

```bash
# æ¤œç´¢çµæœæ•°ã‚’èª¿æ•´ï¼ˆãƒ‡ãƒ•ã‚©ãƒ«ãƒˆ: 6ï¼‰
$ docker compose exec app python -c "
from app_context import retriever
retriever.search_kwargs['k'] = 10  # ã‚ˆã‚Šå¤šãã®é–¢é€£ã‚³ãƒ¼ãƒ‰å–å¾—
"
```

### ãƒ—ãƒ­ãƒ³ãƒ—ãƒˆãƒ†ãƒ³ãƒ—ãƒ¬ãƒ¼ãƒˆã®ã‚«ã‚¹ã‚¿ãƒã‚¤ã‚º

```python
# app/prompts.py ã‚’ã‚«ã‚¹ã‚¿ãƒã‚¤ã‚º
REFRACTOR_PROMPT = ChatPromptTemplate.from_template(
    '''
    ã‚ãªãŸã¯ç†Ÿç·´ã—ãŸã‚½ãƒ•ãƒˆã‚¦ã‚§ã‚¢ã‚¢ãƒ¼ã‚­ãƒ†ã‚¯ãƒˆã§ã™ã€‚
    ä»¥ä¸‹ã®ã‚³ãƒ¼ãƒ‰ã‚¹ãƒ‹ãƒšãƒƒãƒˆã¨Gitå±¥æ­´ã‚’åˆ†æã—ã€
    å…·ä½“çš„ã§å®Ÿè¡Œå¯èƒ½ãªãƒªãƒ•ã‚¡ã‚¯ã‚¿ãƒªãƒ³ã‚°ææ¡ˆã‚’æ—¥æœ¬èªã§æä¾›ã—ã¦ãã ã•ã„ã€‚

    ## ã‚³ãƒ¼ãƒ‰
    ```
    {code}
    ```

    ## Gitå±¥æ­´ã‚³ãƒ³ãƒ†ã‚­ã‚¹ãƒˆ
    {history}

    ## ææ¡ˆå½¢å¼
    - æ”¹å–„ç†ç”±ã‚’æ˜ç¢ºã«èª¬æ˜
    - å…·ä½“çš„ãªã‚³ãƒ¼ãƒ‰ä¾‹ã‚’æç¤º
    - ãƒ‘ãƒ•ã‚©ãƒ¼ãƒãƒ³ã‚¹ã¸ã®å½±éŸ¿ã‚’è€ƒæ…®
    '''
)
```

### ãƒ¡ãƒ¢ãƒªä½¿ç”¨é‡ã®æœ€é©åŒ–

```yaml
# docker-compose.yml ã«è¿½åŠ 
services:
  app:
    deploy:
      resources:
        limits:
          memory: 4G
        reservations:
          memory: 2G
```

---

## ğŸ”§ ãƒãƒ«ãƒãƒ—ãƒ­ã‚¸ã‚§ã‚¯ãƒˆå¯¾å¿œ

### è¤‡æ•°ãƒ—ãƒ­ã‚¸ã‚§ã‚¯ãƒˆã®åŒæ™‚é‹ç”¨

```bash
# ãƒ—ãƒ­ã‚¸ã‚§ã‚¯ãƒˆAç”¨ã®ç’°å¢ƒè¨­å®š
$ cp .env.example .env.projectA
$ vi .env.projectA
# PROJECT_PATH=/home/user/projectA
# CHROMA_COLLECTION=projectA-code
# PORT_STREAMLIT=8501

# ãƒ—ãƒ­ã‚¸ã‚§ã‚¯ãƒˆBç”¨ã®ç’°å¢ƒè¨­å®š
$ cp .env.example .env.projectB
$ vi .env.projectB
# PROJECT_PATH=/home/user/projectB
# CHROMA_COLLECTION=projectB-code
# PORT_STREAMLIT=8502
```

```yaml
# docker-compose.multi.ymlï¼ˆä¾‹ï¼‰
services:
  chroma:
    image: ghcr.io/chroma-core/chroma:0.4.24
    # å…±é€šã®Chromaã‚¤ãƒ³ã‚¹ã‚¿ãƒ³ã‚¹

  app-projectA:
    build: ./app
    env_file: .env.projectA
    ports:
      - "8501:8501"

  app-projectB:
    build: ./app
    env_file: .env.projectB
    ports:
      - "8502:8501"
```

### ãƒ—ãƒ­ã‚¸ã‚§ã‚¯ãƒˆåˆ‡ã‚Šæ›¿ãˆ

```bash
# ç¾åœ¨ã®ãƒ—ãƒ­ã‚¸ã‚§ã‚¯ãƒˆã‚’åœæ­¢
$ docker compose down

# åˆ¥ã®ãƒ—ãƒ­ã‚¸ã‚§ã‚¯ãƒˆè¨­å®šã§èµ·å‹•
$ docker compose --env-file .env.projectB up
```

---

## ğŸ“Š ãƒ‘ãƒ•ã‚©ãƒ¼ãƒãƒ³ã‚¹ç›£è¦–

### ãƒ¡ãƒˆãƒªã‚¯ã‚¹ç¢ºèª

```bash
# ã‚¤ãƒ³ãƒ‡ãƒƒã‚¯ã‚¹ã‚µã‚¤ã‚ºç¢ºèª
$ docker compose exec app python -c "
import os
size = sum(os.path.getsize(os.path.join(dirpath, filename))
          for dirpath, dirnames, filenames in os.walk('/chroma-data')
          for filename in filenames) / 1024 / 1024
print(f'Index size: {size:.2f} MB')
"

# ãƒ¬ã‚¹ãƒãƒ³ã‚¹æ™‚é–“æ¸¬å®š
$ time curl -s "http://localhost:8501/health" > /dev/null
```

### ãƒ­ã‚°åˆ†æ

```bash
# ã‚¨ãƒ©ãƒ¼ç‡ç¢ºèª
$ docker compose logs app | grep -c "ERROR"

# å¹³å‡å‡¦ç†æ™‚é–“ï¼ˆä¾‹ï¼‰
$ docker compose logs app | grep "core_chat" | \
  grep -o "[0-9.]*s" | awk '{sum+=$1; count++} END {print "Average:", sum/count "s"}'
```

---

## ğŸ§ª é–‹ç™ºãƒ»ãƒ‡ãƒãƒƒã‚°

### é–‹ç™ºãƒ¢ãƒ¼ãƒ‰èµ·å‹•

```bash
# ãƒ•ã‚¡ã‚¤ãƒ«å¤‰æ›´ã®å³åº§åæ˜ ã‚’ç¢ºèª
$ docker compose up --build
# app/ ãƒ•ã‚©ãƒ«ãƒ€å†…ã®Pythonãƒ•ã‚¡ã‚¤ãƒ«ã‚’ç·¨é›† â†’ è‡ªå‹•åæ˜ 
```

### ã‚¤ãƒ³ã‚¿ãƒ©ã‚¯ãƒ†ã‚£ãƒ–ãƒ‡ãƒãƒƒã‚°

```bash
# ã‚³ãƒ³ãƒ†ãƒŠå†…ã§Pythonã‚·ã‚§ãƒ«èµ·å‹•
$ docker compose exec app python

>>> from config import cfg
>>> print(cfg.CHROMA_URL)
>>> from app_context import retriever, llm
>>> nodes = retriever.retrieve("test query")
>>> print(f"Found {len(nodes)} relevant nodes")
```

### è¨­å®šå€¤ã®å‹•çš„ç¢ºèª

```bash
# å…¨è¨­å®šå€¤ã‚’JSONå½¢å¼ã§å‡ºåŠ›
$ docker compose exec app python -c "
from config import cfg
import json
print(json.dumps(cfg.dict(), indent=2, default=str))
"
```

---

## ğŸ”’ ã‚»ã‚­ãƒ¥ãƒªãƒ†ã‚£è€ƒæ…®äº‹é …

### API ã‚­ãƒ¼ç®¡ç†

```bash
# .env ãƒ•ã‚¡ã‚¤ãƒ«ã®æ¨©é™è¨­å®š
$ chmod 600 .env

# Gitç®¡ç†ã‹ã‚‰ã®é™¤å¤–ç¢ºèª
$ cat .gitignore | grep "\.env"
```

### ãƒãƒƒãƒˆãƒ¯ãƒ¼ã‚¯ã‚»ã‚­ãƒ¥ãƒªãƒ†ã‚£

```yaml
# docker-compose.yml - å¤–éƒ¨ãƒãƒƒãƒˆãƒ¯ãƒ¼ã‚¯åˆ¶é™
services:
  app:
    networks:
      - internal
  chroma:
    networks:
      - internal
    # å¤–éƒ¨å…¬é–‹ã—ãªã„

networks:
  internal:
    external: false
```

### ãƒ‡ãƒ¼ã‚¿æ°¸ç¶šåŒ–ã®æ³¨æ„ç‚¹

```bash
# ãƒãƒƒã‚¯ã‚¢ãƒƒãƒ—ä½œæˆ
$ docker run --rm -v gaai00_chroma_data:/data -v $(pwd):/backup \
  ubuntu tar czf /backup/chroma_backup_$(date +%Y%m%d).tar.gz /data

# ãƒãƒƒã‚¯ã‚¢ãƒƒãƒ—ã‹ã‚‰å¾©å…ƒ
$ docker run --rm -v gaai00_chroma_data:/data -v $(pwd):/backup \
  ubuntu tar xzf /backup/chroma_backup_20250606.tar.gz -C /
```

---

## ğŸ“ˆ CI/CD çµ±åˆ

### GitHub Actions ã§ã®åˆ©ç”¨

```yaml
# .github/workflows/ai-code-review.yml
name: AI Code Review

on:
  pull_request:
    branches: [main]

jobs:
  ai-review:
    runs-on: ubuntu-latest
    steps:
      - uses: actions/checkout@v3
      
      - name: Setup GAAI00
        run: |
          cp .env.example .env
          sed -i 's/PROJECT_PATH=.*/PROJECT_PATH=$(pwd)/' .env
          echo "OPENAI_API_KEY=${{ secrets.OPENAI_API_KEY }}" >> .env
          
      - name: Run AI Analysis
        run: |
          docker compose up -d
          # ã‚«ã‚¹ã‚¿ãƒ ã‚¹ã‚¯ãƒªãƒ—ãƒˆã§PRã®å¤‰æ›´ãƒ•ã‚¡ã‚¤ãƒ«ã‚’åˆ†æ
```

### ç¶™ç¶šçš„å“è³ªæ”¹å–„

```bash
# å®šæœŸçš„ãªã‚¤ãƒ³ãƒ‡ãƒƒã‚¯ã‚¹æœ€é©åŒ–
$ docker compose exec app python -c "
from indexer import build_full_index
build_full_index()  # é€±æ¬¡å®Ÿè¡Œæ¨å¥¨
"

# ãƒ­ã‚°ãƒ­ãƒ¼ãƒ†ãƒ¼ã‚·ãƒ§ãƒ³
$ docker compose logs app --since 24h > logs/app_$(date +%Y%m%d).log
```

---

## ğŸ†˜ ã‚µãƒãƒ¼ãƒˆãƒ»ã‚³ãƒŸãƒ¥ãƒ‹ãƒ†ã‚£

### å•é¡Œå ±å‘Š

1. **GitHub Issues**: [https://github.com/Y-Kato/GAAI00/issues](https://github.com/Y-Kato/GAAI00/issues)
2. **ãƒ­ã‚°æƒ…å ±ã®æ·»ä»˜**: `docker compose logs app` ã®å‡ºåŠ›
3. **ç’°å¢ƒæƒ…å ±**: `.env.example` ã‹ã‚‰ã®å·®åˆ†ï¼ˆAPI ã‚­ãƒ¼ã¯é™¤ãï¼‰

### æ©Ÿèƒ½ãƒªã‚¯ã‚¨ã‚¹ãƒˆ

- **Discussions**: ã‚¢ã‚¤ãƒ‡ã‚¢ãƒ»ææ¡ˆã®å…±æœ‰
- **Pull Requests**: å®Ÿè£…æ¸ˆã¿æ©Ÿèƒ½ã®è²¢çŒ®
- **Documentation**: ä½¿ç”¨ä¾‹ãƒ»ãƒ™ã‚¹ãƒˆãƒ—ãƒ©ã‚¯ãƒ†ã‚£ã‚¹ã®å…±æœ‰

### é–¢é€£ãƒªã‚½ãƒ¼ã‚¹

| ãƒªã‚½ãƒ¼ã‚¹ | URL | å†…å®¹ |
|----------|-----|------|
| **å…¬å¼ãƒ‰ã‚­ãƒ¥ãƒ¡ãƒ³ãƒˆ** | [GitHub Wiki](https://github.com/Y-Kato/GAAI00/wiki) | è©³ç´°ã‚¬ã‚¤ãƒ‰ãƒ»FAQ |
| **è¨­è¨ˆè³‡æ–™** | [`docs/`](../docs/) | ã‚¢ãƒ¼ã‚­ãƒ†ã‚¯ãƒãƒ£ãƒ»æ‹¡å¼µè¨ˆç”» |
| **CHANGELOG** | [`CHANGELOG.md`](../CHANGELOG.md) | ãƒãƒ¼ã‚¸ãƒ§ãƒ³å±¥æ­´ |
| **ãƒ©ã‚¤ã‚»ãƒ³ã‚¹** | [`LICENSE`](../LICENSE) | MIT License |

---

## ğŸ“ å­¦ç¿’ãƒªã‚½ãƒ¼ã‚¹

### LlamaIndex + LangChain ç†è§£

1. **LlamaIndex Tutorials**: [https://docs.llamaindex.ai/en/stable/getting_started/starter_example.html](https://docs.llamaindex.ai/en/stable/getting_started/starter_example.html)
2. **LangChain Guides**: [https://python.langchain.com/docs/get_started/quickstart](https://python.langchain.com/docs/get_started/quickstart)
3. **Chroma Documentation**: [https://docs.trychroma.com/getting-started](https://docs.trychroma.com/getting-started)

### å®Ÿè·µçš„ãªãƒ—ãƒ­ãƒ³ãƒ—ãƒˆã‚¨ãƒ³ã‚¸ãƒ‹ã‚¢ãƒªãƒ³ã‚°

```text
åŠ¹æœçš„ãªè³ªå•ä¾‹:

ğŸ“ ã‚³ãƒ¼ãƒ‰ãƒ¬ãƒ“ãƒ¥ãƒ¼:
ã€Œã“ã®Pythonã‚¯ãƒ©ã‚¹ã®è¨­è¨ˆã‚’æ”¹å–„ã—ã€SOLIDåŸå‰‡ã«æº–æ‹ ã•ã›ã¦ãã ã•ã„ã€

ğŸ” ãƒã‚°ç‰¹å®š:
ã€Œã“ã®JavaScripté–¢æ•°ã§ãƒ¡ãƒ¢ãƒªãƒªãƒ¼ã‚¯ãŒç™ºç”Ÿã™ã‚‹å¯èƒ½æ€§ã‚’èª¿ã¹ã¦ãã ã•ã„ã€

âš¡ ãƒ‘ãƒ•ã‚©ãƒ¼ãƒãƒ³ã‚¹æœ€é©åŒ–:
ã€Œã“ã®SQLã‚¯ã‚¨ãƒªã®ãƒœãƒˆãƒ«ãƒãƒƒã‚¯ã‚’ç‰¹å®šã—ã€æœ€é©åŒ–æ¡ˆã‚’æç¤ºã—ã¦ãã ã•ã„ã€

ğŸ›¡ï¸ ã‚»ã‚­ãƒ¥ãƒªãƒ†ã‚£æ¤œè¨¼:
ã€Œã“ã®Web APIã‚¨ãƒ³ãƒ‰ãƒã‚¤ãƒ³ãƒˆã®è„†å¼±æ€§ã‚’åˆ†æã—ã¦ãã ã•ã„ã€
```

---

**æ›´æ–°å±¥æ­´**: æœ¬ãƒ‰ã‚­ãƒ¥ãƒ¡ãƒ³ãƒˆã¯ v0.2.0 æ™‚ç‚¹ã§ã®æ–°ã‚¢ãƒ¼ã‚­ãƒ†ã‚¯ãƒãƒ£ã«åŸºã¥ã„ã¦ã„ã¾ã™ã€‚æœ€æ–°æƒ…å ±ã¯ [CHANGELOG.md](../CHANGELOG.md) ã‚’ã”ç¢ºèªãã ã•ã„ã€‚